Copyright 1986-2022 Xilinx, Inc. All Rights Reserved. Copyright 2022-2023 Advanced Micro Devices, Inc. All Rights Reserved.
---------------------------------------------------------------------------------------------------------------------------------------------
| Tool Version : Vivado v.2023.1 (win64) Build 3865809 Sun May  7 15:05:29 MDT 2023
| Date         : Wed Apr 15 15:49:12 2026
| Host         : DESKTOP-MG52D2N running 64-bit major release  (build 9200)
| Command      : report_control_sets -verbose -file top_module_control_sets_placed.rpt
| Design       : top_module
| Device       : xc7a35ti
---------------------------------------------------------------------------------------------------------------------------------------------

Control Set Information

Table of Contents
-----------------
1. Summary
2. Histogram
3. Flip-Flop Distribution
4. Detailed Control Set Information

1. Summary
----------

+----------------------------------------------------------+-------+
|                          Status                          | Count |
+----------------------------------------------------------+-------+
| Total control sets                                       |    13 |
|    Minimum number of control sets                        |    13 |
|    Addition due to synthesis replication                 |     0 |
|    Addition due to physical synthesis replication        |     0 |
| Unused register locations in slices containing registers |    43 |
+----------------------------------------------------------+-------+
* Control sets can be merged at opt_design using control_set_merge or merge_equivalent_drivers
** Run report_qor_suggestions for automated merging and remapping suggestions


2. Histogram
------------

+--------------------+-------+
|       Fanout       | Count |
+--------------------+-------+
| Total control sets |    13 |
| >= 0 to < 4        |     1 |
| >= 4 to < 6        |     1 |
| >= 6 to < 8        |     1 |
| >= 8 to < 10       |     2 |
| >= 10 to < 12      |     0 |
| >= 12 to < 14      |     0 |
| >= 14 to < 16      |     0 |
| >= 16              |     8 |
+--------------------+-------+
* Control sets can be remapped at either synth_design or opt_design


3. Flip-Flop Distribution
-------------------------

+--------------+-----------------------+------------------------+-----------------+--------------+
| Clock Enable | Synchronous Set/Reset | Asynchronous Set/Reset | Total Registers | Total Slices |
+--------------+-----------------------+------------------------+-----------------+--------------+
| No           | No                    | No                     |               2 |            1 |
| No           | No                    | Yes                    |               0 |            0 |
| No           | Yes                   | No                     |              83 |           27 |
| Yes          | No                    | No                     |               0 |            0 |
| Yes          | No                    | Yes                    |               0 |            0 |
| Yes          | Yes                   | No                     |             152 |           42 |
+--------------+-----------------------+------------------------+-----------------+--------------+


4. Detailed Control Set Information
-----------------------------------

+----------------+-----------------------------------------+-----------------------------------+------------------+----------------+--------------+
|  Clock Signal  |              Enable Signal              |          Set/Reset Signal         | Slice Load Count | Bel Load Count | Bels / Slice |
+----------------+-----------------------------------------+-----------------------------------+------------------+----------------+--------------+
|  clk_IBUF_BUFG |                                         |                                   |                1 |              2 |         2.00 |
|  clk_IBUF_BUFG | u_dht11/FSM_sequential_state[3]_i_1_n_0 | rst_IBUF                          |                2 |              4 |         2.00 |
|  clk_IBUF_BUFG | u_dht11/bit_idx[5]_i_1_n_0              | rst_IBUF                          |                2 |              6 |         3.00 |
|  clk_IBUF_BUFG | u_dht11/temperature[7]_i_1_n_0          | rst_IBUF                          |                3 |              8 |         2.67 |
|  clk_IBUF_BUFG |                                         | rst_IBUF                          |                7 |              9 |         1.29 |
|  clk_IBUF_BUFG | u_dht11/high_cnt[15]_i_1_n_0            | rst_IBUF                          |                4 |             16 |         4.00 |
|  clk_IBUF_BUFG |                                         | u_ssd/refresh_cnt[0]_i_1_n_0      |                5 |             17 |         3.40 |
|  clk_IBUF_BUFG | u_dht11/cnt[20]_i_1_n_0                 | rst_IBUF                          |                8 |             21 |         2.62 |
|  clk_IBUF_BUFG |                                         | trigger_cnt[0]_i_1_n_0            |                7 |             28 |         4.00 |
|  clk_IBUF_BUFG | u_dht11/cd_cnt[27]_i_1_n_0              | rst_IBUF                          |                7 |             28 |         4.00 |
|  clk_IBUF_BUFG |                                         | u_unit_timer/cycle_cnt[0]_i_1_n_0 |                8 |             29 |         3.62 |
|  clk_IBUF_BUFG | u_buzzer/beep_cnt                       | rst_IBUF                          |                7 |             29 |         4.14 |
|  clk_IBUF_BUFG | u_dht11/sr[39]_i_1_n_0                  | rst_IBUF                          |                9 |             40 |         4.44 |
+----------------+-----------------------------------------+-----------------------------------+------------------+----------------+--------------+


